Archive member included to satisfy reference by file (symbol)

d:/ide/stm32cubeide_1.8.0/stm32cubeide/plugins/com.st.stm32cube.ide.mcu.externaltools.gnu-tools-for-stm32.9-2020-q2-update.win32_2.0.0.202105311346/tools/bin/../lib/gcc/arm-none-eabi/9.3.1/../../../../arm-none-eabi/lib/thumb/v7-m/nofp\libc_nano.a(lib_a-errno.o)
                              ./Core/Src/syscalls.o (__errno)
d:/ide/stm32cubeide_1.8.0/stm32cubeide/plugins/com.st.stm32cube.ide.mcu.externaltools.gnu-tools-for-stm32.9-2020-q2-update.win32_2.0.0.202105311346/tools/bin/../lib/gcc/arm-none-eabi/9.3.1/../../../../arm-none-eabi/lib/thumb/v7-m/nofp\libc_nano.a(lib_a-exit.o)
                              d:/ide/stm32cubeide_1.8.0/stm32cubeide/plugins/com.st.stm32cube.ide.mcu.externaltools.gnu-tools-for-stm32.9-2020-q2-update.win32_2.0.0.202105311346/tools/bin/../lib/gcc/arm-none-eabi/9.3.1/../../../../arm-none-eabi/lib/thumb/v7-m/nofp/crt0.o (exit)
d:/ide/stm32cubeide_1.8.0/stm32cubeide/plugins/com.st.stm32cube.ide.mcu.externaltools.gnu-tools-for-stm32.9-2020-q2-update.win32_2.0.0.202105311346/tools/bin/../lib/gcc/arm-none-eabi/9.3.1/../../../../arm-none-eabi/lib/thumb/v7-m/nofp\libc_nano.a(lib_a-impure.o)
                              d:/ide/stm32cubeide_1.8.0/stm32cubeide/plugins/com.st.stm32cube.ide.mcu.externaltools.gnu-tools-for-stm32.9-2020-q2-update.win32_2.0.0.202105311346/tools/bin/../lib/gcc/arm-none-eabi/9.3.1/../../../../arm-none-eabi/lib/thumb/v7-m/nofp\libc_nano.a(lib_a-exit.o) (_global_impure_ptr)
d:/ide/stm32cubeide_1.8.0/stm32cubeide/plugins/com.st.stm32cube.ide.mcu.externaltools.gnu-tools-for-stm32.9-2020-q2-update.win32_2.0.0.202105311346/tools/bin/../lib/gcc/arm-none-eabi/9.3.1/../../../../arm-none-eabi/lib/thumb/v7-m/nofp\libc_nano.a(lib_a-init.o)
                              d:/ide/stm32cubeide_1.8.0/stm32cubeide/plugins/com.st.stm32cube.ide.mcu.externaltools.gnu-tools-for-stm32.9-2020-q2-update.win32_2.0.0.202105311346/tools/bin/../lib/gcc/arm-none-eabi/9.3.1/../../../../arm-none-eabi/lib/thumb/v7-m/nofp/crt0.o (__libc_init_array)
d:/ide/stm32cubeide_1.8.0/stm32cubeide/plugins/com.st.stm32cube.ide.mcu.externaltools.gnu-tools-for-stm32.9-2020-q2-update.win32_2.0.0.202105311346/tools/bin/../lib/gcc/arm-none-eabi/9.3.1/../../../../arm-none-eabi/lib/thumb/v7-m/nofp\libc_nano.a(lib_a-memcpy-stub.o)
                              ./Core/Src/ssd1306.o (memcpy)
d:/ide/stm32cubeide_1.8.0/stm32cubeide/plugins/com.st.stm32cube.ide.mcu.externaltools.gnu-tools-for-stm32.9-2020-q2-update.win32_2.0.0.202105311346/tools/bin/../lib/gcc/arm-none-eabi/9.3.1/../../../../arm-none-eabi/lib/thumb/v7-m/nofp\libc_nano.a(lib_a-memmove.o)
                              ./Core/Src/ssd1306_tests.o (memmove)
d:/ide/stm32cubeide_1.8.0/stm32cubeide/plugins/com.st.stm32cube.ide.mcu.externaltools.gnu-tools-for-stm32.9-2020-q2-update.win32_2.0.0.202105311346/tools/bin/../lib/gcc/arm-none-eabi/9.3.1/../../../../arm-none-eabi/lib/thumb/v7-m/nofp\libc_nano.a(lib_a-memset.o)
                              d:/ide/stm32cubeide_1.8.0/stm32cubeide/plugins/com.st.stm32cube.ide.mcu.externaltools.gnu-tools-for-stm32.9-2020-q2-update.win32_2.0.0.202105311346/tools/bin/../lib/gcc/arm-none-eabi/9.3.1/../../../../arm-none-eabi/lib/thumb/v7-m/nofp/crt0.o (memset)
d:/ide/stm32cubeide_1.8.0/stm32cubeide/plugins/com.st.stm32cube.ide.mcu.externaltools.gnu-tools-for-stm32.9-2020-q2-update.win32_2.0.0.202105311346/tools/bin/../lib/gcc/arm-none-eabi/9.3.1/../../../../arm-none-eabi/lib/thumb/v7-m/nofp\libc_nano.a(lib_a-snprintf.o)
                              ./Core/Src/ssd1306_tests.o (snprintf)
d:/ide/stm32cubeide_1.8.0/stm32cubeide/plugins/com.st.stm32cube.ide.mcu.externaltools.gnu-tools-for-stm32.9-2020-q2-update.win32_2.0.0.202105311346/tools/bin/../lib/gcc/arm-none-eabi/9.3.1/../../../../arm-none-eabi/lib/thumb/v7-m/nofp\libc_nano.a(lib_a-strlen.o)
                              ./Core/Src/main.o (strlen)
d:/ide/stm32cubeide_1.8.0/stm32cubeide/plugins/com.st.stm32cube.ide.mcu.externaltools.gnu-tools-for-stm32.9-2020-q2-update.win32_2.0.0.202105311346/tools/bin/../lib/gcc/arm-none-eabi/9.3.1/../../../../arm-none-eabi/lib/thumb/v7-m/nofp\libc_nano.a(lib_a-nano-svfprintf.o)
                              d:/ide/stm32cubeide_1.8.0/stm32cubeide/plugins/com.st.stm32cube.ide.mcu.externaltools.gnu-tools-for-stm32.9-2020-q2-update.win32_2.0.0.202105311346/tools/bin/../lib/gcc/arm-none-eabi/9.3.1/../../../../arm-none-eabi/lib/thumb/v7-m/nofp\libc_nano.a(lib_a-snprintf.o) (_svfprintf_r)
d:/ide/stm32cubeide_1.8.0/stm32cubeide/plugins/com.st.stm32cube.ide.mcu.externaltools.gnu-tools-for-stm32.9-2020-q2-update.win32_2.0.0.202105311346/tools/bin/../lib/gcc/arm-none-eabi/9.3.1/../../../../arm-none-eabi/lib/thumb/v7-m/nofp\libc_nano.a(lib_a-nano-vfprintf_i.o)
[...]
Memory Configuration

Name             Origin             Length             Attributes
RAM              0x0000000020000000 0x0000000000002800 xrw
FLASH            0x0000000008000000 0x0000000000008000 xr
*default*        0x0000000000000000 0xffffffffffffffff

Linker script and memory map

LOAD d:/ide/stm32cubeide_1.8.0/stm32cubeide/plugins/com.st.stm32cube.ide.mcu.externaltools.gnu-tools-for-stm32.9-2020-q2-update.win32_2.0.0.202105311346/tools/bin/../lib/gcc/arm-none-eabi/9.3.1/thumb/v7-m/nofp/crti.o
LOAD d:/ide/stm32cubeide_1.8.0/stm32cubeide/plugins/com.st.stm32cube.ide.mcu.externaltools.gnu-tools-for-stm32.9-2020-q2-update.win32_2.0.0.202105311346/tools/bin/../lib/gcc/arm-none-eabi/9.3.1/thumb/v7-m/nofp/crtbegin.o
LOAD d:/ide/stm32cubeide_1.8.0/stm32cubeide/plugins/com.st.stm32cube.ide.mcu.externaltools.gnu-tools-for-stm32.9-2020-q2-update.win32_2.0.0.202105311346/tools/bin/../lib/gcc/arm-none-eabi/9.3.1/../../../../arm-none-eabi/lib/thumb/v7-m/nofp/crt0.o
LOAD ./Core/Src/main.o
LOAD ./Core/Src/ssd1306.o
LOAD ./Core/Src/ssd1306_fonts.o
LOAD ./Core/Src/ssd1306_tests.o
LOAD ./Core/Src/stm32f1xx_hal_msp.o
LOAD ./Core/Src/stm32f1xx_it.o
LOAD ./Core/Src/syscalls.o
LOAD ./Core/Src/sysmem.o
LOAD ./Core/Src/system_stm32f1xx.o
LOAD ./Core/Startup/startup_stm32f103c6tx.o
LOAD ./Drivers/STM32F1xx_HAL_Driver/Src/stm32f1xx_hal.o
LOAD ./Drivers/STM32F1xx_HAL_Driver/Src/stm32f1xx_hal_cortex.o
LOAD ./Drivers/STM32F1xx_HAL_Driver/Src/stm32f1xx_hal_dma.o
LOAD ./Drivers/STM32F1xx_HAL_Driver/Src/stm32f1xx_hal_exti.o
LOAD ./Drivers/STM32F1xx_HAL_Driver/Src/stm32f1xx_hal_flash.o
LOAD ./Drivers/STM32F1xx_HAL_Driver/Src/stm32f1xx_hal_flash_ex.o
LOAD ./Drivers/STM32F1xx_HAL_Driver/Src/stm32f1xx_hal_gpio.o
LOAD ./Drivers/STM32F1xx_HAL_Driver/Src/stm32f1xx_hal_gpio_ex.o
LOAD ./Drivers/STM32F1xx_HAL_Driver/Src/stm32f1xx_hal_pwr.o
LOAD ./Drivers/STM32F1xx_HAL_Driver/Src/stm32f1xx_hal_rcc.o
LOAD ./Drivers/STM32F1xx_HAL_Driver/Src/stm32f1xx_hal_rcc_ex.o
LOAD ./Drivers/STM32F1xx_HAL_Driver/Src/stm32f1xx_hal_spi.o
LOAD ./Drivers/STM32F1xx_HAL_Driver/Src/stm32f1xx_hal_tim.o
LOAD ./Drivers/STM32F1xx_HAL_Driver/Src/stm32f1xx_hal_tim_ex.o
LOAD ./Drivers/STM32F1xx_HAL_Driver/Src/stm32f1xx_hal_uart.o
START GROUP
LOAD d:/ide/stm32cubeide_1.8.0/stm32cubeide/plugins/com.st.stm32cube.ide.mcu.externaltools.gnu-tools-for-stm32.9-2020-q2-update.win32_2.0.0.202105311346/tools/bin/../lib/gcc/arm-none-eabi/9.3.1/../../../../arm-none-eabi/lib/thumb/v7-m/nofp\libc_nano.a
LOAD d:/ide/stm32cubeide_1.8.0/stm32cubeide/plugins/com.st.stm32cube.ide.mcu.externaltools.gnu-tools-for-stm32.9-2020-q2-update.win32_2.0.0.202105311346/tools/bin/../lib/gcc/arm-none-eabi/9.3.1/../../../../arm-none-eabi/lib/thumb/v7-m/nofp\libm.a
END GROUP
START GROUP
LOAD d:/ide/stm32cubeide_1.8.0/stm32cubeide/plugins/com.st.stm32cube.ide.mcu.externaltools.gnu-tools-for-stm32.9-2020-q2-update.win32_2.0.0.202105311346/tools/bin/../lib/gcc/arm-none-eabi/9.3.1/thumb/v7-m/nofp\libgcc.a
LOAD d:/ide/stm32cubeide_1.8.0/stm32cubeide/plugins/com.st.stm32cube.ide.mcu.externaltools.gnu-tools-for-stm32.9-2020-q2-update.win32_2.0.0.202105311346/tools/bin/../lib/gcc/arm-none-eabi/9.3.1/../../../../arm-none-eabi/lib/thumb/v7-m/nofp\libc_nano.a
END GROUP
START GROUP
LOAD d:/ide/stm32cubeide_1.8.0/stm32cubeide/plugins/com.st.stm32cube.ide.mcu.externaltools.gnu-tools-for-stm32.9-2020-q2-update.win32_2.0.0.202105311346/tools/bin/../lib/gcc/arm-none-eabi/9.3.1/thumb/v7-m/nofp\libgcc.a
LOAD d:/ide/stm32cubeide_1.8.0/stm32cubeide/plugins/com.st.stm32cube.ide.mcu.externaltools.gnu-tools-for-stm32.9-2020-q2-update.win32_2.0.0.202105311346/tools/bin/../lib/gcc/arm-none-eabi/9.3.1/../../../../arm-none-eabi/lib/thumb/v7-m/nofp\libc_nano.a
LOAD d:/ide/stm32cubeide_1.8.0/stm32cubeide/plugins/com.st.stm32cube.ide.mcu.externaltools.gnu-tools-for-stm32.9-2020-q2-update.win32_2.0.0.202105311346/tools/bin/../lib/gcc/arm-none-eabi/9.3.1/../../../../arm-none-eabi/lib/thumb/v7-m/nofp\libnosys.a
END GROUP
START GROUP
LOAD d:/ide/stm32cubeide_1.8.0/stm32cubeide/plugins/com.st.stm32cube.ide.mcu.externaltools.gnu-tools-for-stm32.9-2020-q2-update.win32_2.0.0.202105311346/tools/bin/../lib/gcc/arm-none-eabi/9.3.1/thumb/v7-m/nofp\libgcc.a
LOAD d:/ide/stm32cubeide_1.8.0/stm32cubeide/plugins/com.st.stm32cube.ide.mcu.externaltools.gnu-tools-for-stm32.9-2020-q2-update.win32_2.0.0.202105311346/tools/bin/../lib/gcc/arm-none-eabi/9.3.1/../../../../arm-none-eabi/lib/thumb/v7-m/nofp\libc_nano.a
LOAD d:/ide/stm32cubeide_1.8.0/stm32cubeide/plugins/com.st.stm32cube.ide.mcu.externaltools.gnu-tools-for-stm32.9-2020-q2-update.win32_2.0.0.202105311346/tools/bin/../lib/gcc/arm-none-eabi/9.3.1/../../../../arm-none-eabi/lib/thumb/v7-m/nofp\libnosys.a
END GROUP
LOAD d:/ide/stm32cubeide_1.8.0/stm32cubeide/plugins/com.st.stm32cube.ide.mcu.externaltools.gnu-tools-for-stm32.9-2020-q2-update.win32_2.0.0.202105311346/tools/bin/../lib/gcc/arm-none-eabi/9.3.1/thumb/v7-m/nofp/crtend.o
LOAD d:/ide/stm32cubeide_1.8.0/stm32cubeide/plugins/com.st.stm32cube.ide.mcu.externaltools.gnu-tools-for-stm32.9-2020-q2-update.win32_2.0.0.202105311346/tools/bin/../lib/gcc/arm-none-eabi/9.3.1/thumb/v7-m/nofp/crtn.o
                0x0000000020002800                _estack = (ORIGIN (RAM) + LENGTH (RAM))
                0x0000000000000200                _Min_Heap_Size = 0x200
                0x0000000000000400                _Min_Stack_Size = 0x400

.isr_vector     0x0000000008000000      0x10c
                0x0000000008000000                . = ALIGN (0x4)
 *(.isr_vector)
 .isr_vector    0x0000000008000000      0x10c ./Core/Startup/startup_stm32f103c6tx.o
                0x0000000008000000                g_pfnVectors
                0x000000000800010c                . = ALIGN (0x4)

.text           0x000000000800010c     0x1fdc
                0x000000000800010c                . = ALIGN (0x4)
 *(.text)
 .text          0x000000000800010c       0x40 d:/ide/stm32cubeide_1.8.0/stm32cubeide/plugins/com.st.stm32cube.ide.mcu.externaltools.gnu-tools-for-stm32.9-2020-q2-update.win32_2.0.0.202105311346/tools/bin/../lib/gcc/arm-none-eabi/9.3.1/thumb/v7-m/nofp/crtbegin.o
 *(.text*)
 .text.main     0x000000000800014c       0x70 ./Core/Src/main.o
                0x000000000800014c                main
 .text.SystemClock_Config
                0x00000000080001bc       0x8a ./Core/Src/main.o
                0x00000000080001bc                SystemClock_Config
 *fill*         0x0000000008000246        0x2 
 .text.MX_SPI1_Init
                0x0000000008000248       0x6c ./Core/Src/main.o
 .text.MX_USART1_UART_Init
                0x00000000080002b4       0x54 ./Core/Src/main.o
 .text.MX_GPIO_Init
                0x0000000008000308       0xc0 ./Core/Src/main.o
 .text.Error_Handler
                0x00000000080003c8        0xa ./Core/Src/main.o
                0x00000000080003c8                Error_Handler
 *fill*         0x00000000080003d2        0x2 
 .text.ssd1306_Reset
                0x00000000080003d4       0x38 ./Core/Src/ssd1306.o
                0x00000000080003d4                ssd1306_Reset
 .text.ssd1306_WriteCommand
                0x000000000800040c       0x48 ./Core/Src/ssd1306.o
                0x000000000800040c                ssd1306_WriteCommand
 .text.ssd1306_WriteData
                0x0000000008000454       0x48 ./Core/Src/ssd1306.o
                0x0000000008000454                ssd1306_WriteData
 .text.ssd1306_Init
                0x000000000800049c       0xd4 ./Core/Src/ssd1306.o
                0x000000000800049c                ssd1306_Init
 .text.ssd1306_Fill
                0x0000000008000570       0x30 ./Core/Src/ssd1306.o
                0x0000000008000570                ssd1306_Fill
 .text.ssd1306_UpdateScreen
                0x00000000080005a0       0x50 ./Core/Src/ssd1306.o
                0x00000000080005a0                ssd1306_UpdateScreen
 .text.ssd1306_DrawPixel
                0x00000000080005f0       0xa4 ./Core/Src/ssd1306.o
                0x00000000080005f0                ssd1306_DrawPixel
 .text.ssd1306_DrawBitmap
                0x0000000008000694       0xb6 ./Core/Src/ssd1306.o
                0x0000000008000694                ssd1306_DrawBitmap
 .text.ssd1306_SetContrast
                0x000000000800074a       0x26 ./Core/Src/ssd1306.o
                0x000000000800074a                ssd1306_SetContrast
 .text.ssd1306_SetDisplayOn
                0x0000000008000770       0x3c ./Core/Src/ssd1306.o
                0x0000000008000770                ssd1306_SetDisplayOn
 .text.HAL_MspInit
                0x00000000080007ac       0x64 ./Core/Src/stm32f1xx_hal_msp.o
                0x00000000080007ac                HAL_MspInit
 .text.HAL_SPI_MspInit
                0x0000000008000810       0x7c ./Core/Src/stm32f1xx_hal_msp.o
                0x0000000008000810                HAL_SPI_MspInit
 .text.HAL_UART_MspInit
                0x000000000800088c       0x98 ./Core/Src/stm32f1xx_hal_msp.o
                0x000000000800088c                HAL_UART_MspInit
 .text.NMI_Handler
                0x0000000008000924        0x6 ./Core/Src/stm32f1xx_it.o
                0x0000000008000924                NMI_Handler
 .text.HardFault_Handler
                0x000000000800092a        0x6 ./Core/Src/stm32f1xx_it.o
                0x000000000800092a                HardFault_Handler
 .text.MemManage_Handler
                0x0000000008000930        0x6 ./Core/Src/stm32f1xx_it.o
                0x0000000008000930                MemManage_Handler
 .text.BusFault_Handler
                0x0000000008000936        0x6 ./Core/Src/stm32f1xx_it.o
                0x0000000008000936                BusFault_Handler
 .text.UsageFault_Handler
                0x000000000800093c        0x6 ./Core/Src/stm32f1xx_it.o
                0x000000000800093c                UsageFault_Handler
 .text.SVC_Handler
                0x0000000008000942        0xc ./Core/Src/stm32f1xx_it.o
                0x0000000008000942                SVC_Handler
 .text.DebugMon_Handler
                0x000000000800094e        0xc ./Core/Src/stm32f1xx_it.o
                0x000000000800094e                DebugMon_Handler
 .text.PendSV_Handler
                0x000000000800095a        0xc ./Core/Src/stm32f1xx_it.o
                0x000000000800095a                PendSV_Handler
 .text.SysTick_Handler
                0x0000000008000966        0xc ./Core/Src/stm32f1xx_it.o
                0x0000000008000966                SysTick_Handler
 .text.SystemInit
                0x0000000008000972        0xc ./Core/Src/system_stm32f1xx.o
                0x0000000008000972                SystemInit
 *fill*         0x000000000800097e        0x2 
 .text.Reset_Handler
                0x0000000008000980       0x48 ./Core/Startup/startup_stm32f103c6tx.o
                0x0000000008000980                Reset_Handler
 .text.Default_Handler
                0x00000000080009c8        0x2 ./Core/Startup/startup_stm32f103c6tx.o
                0x00000000080009c8                RTC_Alarm_IRQHandler
                0x00000000080009c8                EXTI2_IRQHandler
                0x00000000080009c8                TIM1_CC_IRQHandler
                0x00000000080009c8                PVD_IRQHandler
                0x00000000080009c8                EXTI3_IRQHandler
                0x00000000080009c8                EXTI0_IRQHandler
                0x00000000080009c8                ADC1_2_IRQHandler
                0x00000000080009c8                SPI1_IRQHandler
                0x00000000080009c8                TAMPER_IRQHandler
                0x00000000080009c8                DMA1_Channel4_IRQHandler
                0x00000000080009c8                RTC_IRQHandler
                0x00000000080009c8                DMA1_Channel7_IRQHandler
                0x00000000080009c8                CAN1_RX1_IRQHandler
                0x00000000080009c8                I2C1_EV_IRQHandler
                0x00000000080009c8                DMA1_Channel6_IRQHandler
                0x00000000080009c8                TIM3_IRQHandler
                0x00000000080009c8                RCC_IRQHandler
                0x00000000080009c8                TIM1_TRG_COM_IRQHandler
                0x00000000080009c8                DMA1_Channel1_IRQHandler
                0x00000000080009c8                Default_Handler
                0x00000000080009c8                EXTI15_10_IRQHandler
                0x00000000080009c8                EXTI9_5_IRQHandler
                0x00000000080009c8                DMA1_Channel5_IRQHandler
                0x00000000080009c8                EXTI4_IRQHandler
                0x00000000080009c8                USB_LP_CAN1_RX0_IRQHandler
                0x00000000080009c8                USB_HP_CAN1_TX_IRQHandler
                0x00000000080009c8                DMA1_Channel3_IRQHandler
                0x00000000080009c8                TIM1_UP_IRQHandler
                0x00000000080009c8                WWDG_IRQHandler
                0x00000000080009c8                TIM2_IRQHandler
                0x00000000080009c8                TIM1_BRK_IRQHandler
                0x00000000080009c8                EXTI1_IRQHandler
                0x00000000080009c8                USART2_IRQHandler
                0x00000000080009c8                DMA1_Channel2_IRQHandler
                0x00000000080009c8                CAN1_SCE_IRQHandler
                0x00000000080009c8                FLASH_IRQHandler
                0x00000000080009c8                USART1_IRQHandler
                0x00000000080009c8                I2C1_ER_IRQHandler
                0x00000000080009c8                USBWakeUp_IRQHandler
 *fill*         0x00000000080009ca        0x2 
 .text.HAL_Init
                0x00000000080009cc       0x2c ./Drivers/STM32F1xx_HAL_Driver/Src/stm32f1xx_hal.o
                0x00000000080009cc                HAL_Init
 .text.HAL_InitTick
                0x00000000080009f8       0x60 ./Drivers/STM32F1xx_HAL_Driver/Src/stm32f1xx_hal.o
                0x00000000080009f8                HAL_InitTick
 .text.HAL_IncTick
                0x0000000008000a58       0x24 ./Drivers/STM32F1xx_HAL_Driver/Src/stm32f1xx_hal.o
                0x0000000008000a58                HAL_IncTick
 .text.HAL_GetTick
                0x0000000008000a7c       0x14 ./Drivers/STM32F1xx_HAL_Driver/Src/stm32f1xx_hal.o
                0x0000000008000a7c                HAL_GetTick
 .text.HAL_Delay
                0x0000000008000a90       0x48 ./Drivers/STM32F1xx_HAL_Driver/Src/stm32f1xx_hal.o
                0x0000000008000a90                HAL_Delay
 .text.__NVIC_SetPriorityGrouping
                0x0000000008000ad8       0x48 ./Drivers/STM32F1xx_HAL_Driver/Src/stm32f1xx_hal_cortex.o
 .text.__NVIC_GetPriorityGrouping
                0x0000000008000b20       0x1c ./Drivers/STM32F1xx_HAL_Driver/Src/stm32f1xx_hal_cortex.o
 .text.__NVIC_SetPriority
                0x0000000008000b3c       0x54 ./Drivers/STM32F1xx_HAL_Driver/Src/stm32f1xx_hal_cortex.o
 .text.NVIC_EncodePriority
                0x0000000008000b90       0x64 ./Drivers/STM32F1xx_HAL_Driver/Src/stm32f1xx_hal_cortex.o
 .text.SysTick_Config
                0x0000000008000bf4       0x44 ./Drivers/STM32F1xx_HAL_Driver/Src/stm32f1xx_hal_cortex.o
 .text.HAL_NVIC_SetPriorityGrouping
                0x0000000008000c38       0x16 ./Drivers/STM32F1xx_HAL_Driver/Src/stm32f1xx_hal_cortex.o
                0x0000000008000c38                HAL_NVIC_SetPriorityGrouping
 .text.HAL_NVIC_SetPriority
                0x0000000008000c4e       0x38 ./Drivers/STM32F1xx_HAL_Driver/Src/stm32f1xx_hal_cortex.o
                0x0000000008000c4e                HAL_NVIC_SetPriority
 .text.HAL_SYSTICK_Config
                0x0000000008000c86       0x18 ./Drivers/STM32F1xx_HAL_Driver/Src/stm32f1xx_hal_cortex.o
                0x0000000008000c86                HAL_SYSTICK_Config
 *fill*         0x0000000008000c9e        0x2 
 .text.HAL_GPIO_Init
                0x0000000008000ca0      0x2f4 ./Drivers/STM32F1xx_HAL_Driver/Src/stm32f1xx_hal_gpio.o
                0x0000000008000ca0                HAL_GPIO_Init
 .text.HAL_GPIO_WritePin
                0x0000000008000f94       0x30 ./Drivers/STM32F1xx_HAL_Driver/Src/stm32f1xx_hal_gpio.o
                0x0000000008000f94                HAL_GPIO_WritePin
 .text.HAL_RCC_OscConfig
                0x0000000008000fc4      0x500 ./Drivers/STM32F1xx_HAL_Driver/Src/stm32f1xx_hal_rcc.o
                0x0000000008000fc4                HAL_RCC_OscConfig
 .text.HAL_RCC_ClockConfig
                0x00000000080014c4      0x1d4 ./Drivers/STM32F1xx_HAL_Driver/Src/stm32f1xx_hal_rcc.o
                0x00000000080014c4                HAL_RCC_ClockConfig
 .text.HAL_RCC_GetSysClockFreq
                0x0000000008001698       0xa8 ./Drivers/STM32F1xx_HAL_Driver/Src/stm32f1xx_hal_rcc.o
                0x0000000008001698                HAL_RCC_GetSysClockFreq
 .text.HAL_RCC_GetHCLKFreq
                0x0000000008001740       0x14 ./Drivers/STM32F1xx_HAL_Driver/Src/stm32f1xx_hal_rcc.o
                0x0000000008001740                HAL_RCC_GetHCLKFreq
 .text.HAL_RCC_GetPCLK1Freq
                0x0000000008001754       0x28 ./Drivers/STM32F1xx_HAL_Driver/Src/stm32f1xx_hal_rcc.o
                0x0000000008001754                HAL_RCC_GetPCLK1Freq
 .text.HAL_RCC_GetPCLK2Freq
                0x000000000800177c       0x28 ./Drivers/STM32F1xx_HAL_Driver/Src/stm32f1xx_hal_rcc.o
                0x000000000800177c                HAL_RCC_GetPCLK2Freq
 .text.RCC_Delay
                0x00000000080017a4       0x3c ./Drivers/STM32F1xx_HAL_Driver/Src/stm32f1xx_hal_rcc.o
 .text.HAL_SPI_Init
                0x00000000080017e0      0x108 ./Drivers/STM32F1xx_HAL_Driver/Src/stm32f1xx_hal_spi.o
                0x00000000080017e0                HAL_SPI_Init
 .text.HAL_SPI_Transmit
                0x00000000080018e8      0x286 ./Drivers/STM32F1xx_HAL_Driver/Src/stm32f1xx_hal_spi.o
                0x00000000080018e8                HAL_SPI_Transmit
 *fill*         0x0000000008001b6e        0x2 
 .text.SPI_WaitFlagStateUntilTimeout
                0x0000000008001b70      0x110 ./Drivers/STM32F1xx_HAL_Driver/Src/stm32f1xx_hal_spi.o
 .text.SPI_EndRxTxTransaction
                0x0000000008001c80       0x3c ./Drivers/STM32F1xx_HAL_Driver/Src/stm32f1xx_hal_spi.o
 .text.HAL_UART_Init
                0x0000000008001cbc       0xa0 ./Drivers/STM32F1xx_HAL_Driver/Src/stm32f1xx_hal_uart.o
                0x0000000008001cbc                HAL_UART_Init
 .text.HAL_UART_Receive
                0x0000000008001d5c      0x124 ./Drivers/STM32F1xx_HAL_Driver/Src/stm32f1xx_hal_uart.o
                0x0000000008001d5c                HAL_UART_Receive
 .text.UART_WaitOnFlagUntilTimeout
                0x0000000008001e80       0xdc ./Drivers/STM32F1xx_HAL_Driver/Src/stm32f1xx_hal_uart.o
 .text.UART_SetConfig
                0x0000000008001f5c      0x11c ./Drivers/STM32F1xx_HAL_Driver/Src/stm32f1xx_hal_uart.o
 .text.__libc_init_array
                0x0000000008002078       0x48 d:/ide/stm32cubeide_1.8.0/stm32cubeide/plugins/com.st.stm32cube.ide.mcu.externaltools.gnu-tools-for-stm32.9-2020-q2-update.win32_2.0.0.202105311346/tools/bin/../lib/gcc/arm-none-eabi/9.3.1/../../../../arm-none-eabi/lib/thumb/v7-m/nofp\libc_nano.a(lib_a-init.o)
                0x0000000008002078                __libc_init_array
 .text.memset   0x00000000080020c0       0x10 d:/ide/stm32cubeide_1.8.0/stm32cubeide/plugins/com.st.stm32cube.ide.mcu.externaltools.gnu-tools-for-stm32.9-2020-q2-update.win32_2.0.0.202105311346/tools/bin/../lib/gcc/arm-none-eabi/9.3.1/../../../../arm-none-eabi/lib/thumb/v7-m/nofp\libc_nano.a(lib_a-memset.o)
                0x00000000080020c0                memset
 *(.glue_7)
 .glue_7        0x00000000080020d0        0x0 linker stubs
 *(.glue_7t)
 .glue_7t       0x00000000080020d0        0x0 linker stubs
 *(.eh_frame)
 .eh_frame      0x00000000080020d0        0x0 d:/ide/stm32cubeide_1.8.0/stm32cubeide/plugins/com.st.stm32cube.ide.mcu.externaltools.gnu-tools-for-stm32.9-2020-q2-update.win32_2.0.0.202105311346/tools/bin/../lib/gcc/arm-none-eabi/9.3.1/thumb/v7-m/nofp/crtbegin.o
 *(.init)
 .init          0x00000000080020d0        0x4 d:/ide/stm32cubeide_1.8.0/stm32cubeide/plugins/com.st.stm32cube.ide.mcu.externaltools.gnu-tools-for-stm32.9-2020-q2-update.win32_2.0.0.202105311346/tools/bin/../lib/gcc/arm-none-eabi/9.3.1/thumb/v7-m/nofp/crti.o
                0x00000000080020d0                _init
 .init          0x00000000080020d4        0x8 d:/ide/stm32cubeide_1.8.0/stm32cubeide/plugins/com.st.stm32cube.ide.mcu.externaltools.gnu-tools-for-stm32.9-2020-q2-update.win32_2.0.0.202105311346/tools/bin/../lib/gcc/arm-none-eabi/9.3.1/thumb/v7-m/nofp/crtn.o
 *(.fini)
 .fini          0x00000000080020dc        0x4 d:/ide/stm32cubeide_1.8.0/stm32cubeide/plugins/com.st.stm32cube.ide.mcu.externaltools.gnu-tools-for-stm32.9-2020-q2-update.win32_2.0.0.202105311346/tools/bin/../lib/gcc/arm-none-eabi/9.3.1/thumb/v7-m/nofp/crti.o
                0x00000000080020dc                _fini
 .fini          0x00000000080020e0        0x8 d:/ide/stm32cubeide_1.8.0/stm32cubeide/plugins/com.st.stm32cube.ide.mcu.externaltools.gnu-tools-for-stm32.9-2020-q2-update.win32_2.0.0.202105311346/tools/bin/../lib/gcc/arm-none-eabi/9.3.1/thumb/v7-m/nofp/crtn.o
                0x00000000080020e8                . = ALIGN (0x4)
                0x00000000080020e8                _etext = .

.vfp11_veneer   0x00000000080020e8        0x0
 .vfp11_veneer  0x00000000080020e8        0x0 linker stubs

.v4_bx          0x00000000080020e8        0x0
 .v4_bx         0x00000000080020e8        0x0 linker stubs

.iplt           0x00000000080020e8        0x0
 .iplt          0x00000000080020e8        0x0 d:/ide/stm32cubeide_1.8.0/stm32cubeide/plugins/com.st.stm32cube.ide.mcu.externaltools.gnu-tools-for-stm32.9-2020-q2-update.win32_2.0.0.202105311346/tools/bin/../lib/gcc/arm-none-eabi/9.3.1/thumb/v7-m/nofp/crtbegin.o

.rodata         0x00000000080020e8       0x2c
                0x00000000080020e8                . = ALIGN (0x4)
 *(.rodata)
 *(.rodata*)
 .rodata.AHBPrescTable
                0x00000000080020e8       0x10 ./Core/Src/system_stm32f1xx.o
                0x00000000080020e8                AHBPrescTable
 .rodata.APBPrescTable
                0x00000000080020f8        0x8 ./Core/Src/system_stm32f1xx.o
                0x00000000080020f8                APBPrescTable
 .rodata.aPLLMULFactorTable.5789
                0x0000000008002100       0x10 ./Drivers/STM32F1xx_HAL_Driver/Src/stm32f1xx_hal_rcc.o
 .rodata.aPredivFactorTable.5790
                0x0000000008002110        0x2 ./Drivers/STM32F1xx_HAL_Driver/Src/stm32f1xx_hal_rcc.o
                0x0000000008002114                . = ALIGN (0x4)
 *fill*         0x0000000008002112        0x2 

.rel.dyn        0x0000000008002114        0x0
 .rel.iplt      0x0000000008002114        0x0 d:/ide/stm32cubeide_1.8.0/stm32cubeide/plugins/com.st.stm32cube.ide.mcu.externaltools.gnu-tools-for-stm32.9-2020-q2-update.win32_2.0.0.202105311346/tools/bin/../lib/gcc/arm-none-eabi/9.3.1/thumb/v7-m/nofp/crtbegin.o

.ARM.extab      0x0000000008002114        0x0
                0x0000000008002114                . = ALIGN (0x4)
 *(.ARM.extab* .gnu.linkonce.armextab.*)
                0x0000000008002114                . = ALIGN (0x4)

.ARM            0x0000000008002114        0x0
                0x0000000008002114                . = ALIGN (0x4)
                0x0000000008002114                __exidx_start = .
 *(.ARM.exidx*)
                0x0000000008002114                __exidx_end = .
                0x0000000008002114                . = ALIGN (0x4)

.preinit_array  0x0000000008002114        0x0
                0x0000000008002114                . = ALIGN (0x4)
                0x0000000008002114                PROVIDE (__preinit_array_start = .)
 *(.preinit_array*)
                0x0000000008002114                PROVIDE (__preinit_array_end = .)
                0x0000000008002114                . = ALIGN (0x4)

.init_array     0x0000000008002114        0x4
                0x0000000008002114                . = ALIGN (0x4)
                0x0000000008002114                PROVIDE (__init_array_start = .)
 *(SORT_BY_NAME(.init_array.*))
 *(.init_array*)
 .init_array    0x0000000008002114        0x4 d:/ide/stm32cubeide_1.8.0/stm32cubeide/plugins/com.st.stm32cube.ide.mcu.externaltools.gnu-tools-for-stm32.9-2020-q2-update.win32_2.0.0.202105311346/tools/bin/../lib/gcc/arm-none-eabi/9.3.1/thumb/v7-m/nofp/crtbegin.o
                0x0000000008002118                PROVIDE (__init_array_end = .)
                0x0000000008002118                . = ALIGN (0x4)

.fini_array     0x0000000008002118        0x4
                0x0000000008002118                . = ALIGN (0x4)
                [!provide]                        PROVIDE (__fini_array_start = .)
 *(SORT_BY_NAME(.fini_array.*))
 *(.fini_array*)
 .fini_array    0x0000000008002118        0x4 d:/ide/stm32cubeide_1.8.0/stm32cubeide/plugins/com.st.stm32cube.ide.mcu.externaltools.gnu-tools-for-stm32.9-2020-q2-update.win32_2.0.0.202105311346/tools/bin/../lib/gcc/arm-none-eabi/9.3.1/thumb/v7-m/nofp/crtbegin.o
                [!provide]                        PROVIDE (__fini_array_end = .)
                0x000000000800211c                . = ALIGN (0x4)
                0x000000000800211c                _sidata = LOADADDR (.data)

.data           0x0000000020000000        0xc load address 0x000000000800211c
                0x0000000020000000                . = ALIGN (0x4)
                0x0000000020000000                _sdata = .
 *(.data)
 *(.data*)
 .data.SystemCoreClock
                0x0000000020000000        0x4 ./Core/Src/system_stm32f1xx.o
                0x0000000020000000                SystemCoreClock
 .data.uwTickPrio
                0x0000000020000004        0x4 ./Drivers/STM32F1xx_HAL_Driver/Src/stm32f1xx_hal.o
                0x0000000020000004                uwTickPrio
 .data.uwTickFreq
                0x0000000020000008        0x1 ./Drivers/STM32F1xx_HAL_Driver/Src/stm32f1xx_hal.o
                0x0000000020000008                uwTickFreq
 *(.RamFunc)
 *(.RamFunc*)
                0x000000002000000c                . = ALIGN (0x4)
 *fill*         0x0000000020000009        0x3 
                0x000000002000000c                _edata = .

.igot.plt       0x000000002000000c        0x0 load address 0x0000000008002128
 .igot.plt      0x000000002000000c        0x0 d:/ide/stm32cubeide_1.8.0/stm32cubeide/plugins/com.st.stm32cube.ide.mcu.externaltools.gnu-tools-for-stm32.9-2020-q2-update.win32_2.0.0.202105311346/tools/bin/../lib/gcc/arm-none-eabi/9.3.1/thumb/v7-m/nofp/crtbegin.o
                0x000000002000000c                . = ALIGN (0x4)

.bss            0x000000002000000c      0x4c8 load address 0x0000000008002128
                0x000000002000000c                _sbss = .
                0x000000002000000c                __bss_start__ = _sbss
 *(.bss)
 .bss           0x000000002000000c       0x1c d:/ide/stm32cubeide_1.8.0/stm32cubeide/plugins/com.st.stm32cube.ide.mcu.externaltools.gnu-tools-for-stm32.9-2020-q2-update.win32_2.0.0.202105311346/tools/bin/../lib/gcc/arm-none-eabi/9.3.1/thumb/v7-m/nofp/crtbegin.o
 *(.bss*)
 .bss.SSD1306_Buffer
                0x0000000020000028      0x400 ./Core/Src/ssd1306.o
 .bss.SSD1306   0x0000000020000428        0x6 ./Core/Src/ssd1306.o
 *(COMMON)
 *fill*         0x000000002000042e        0x2 
 COMMON         0x0000000020000430       0xa0 ./Core/Src/main.o
                0x0000000020000430                huart1
                0x0000000020000478                hspi1
 COMMON         0x00000000200004d0        0x4 ./Drivers/STM32F1xx_HAL_Driver/Src/stm32f1xx_hal.o
                0x00000000200004d0                uwTick
                0x00000000200004d4                . = ALIGN (0x4)
                0x00000000200004d4                _ebss = .
                0x00000000200004d4                __bss_end__ = _ebss

._user_heap_stack
                0x00000000200004d4      0x604 load address 0x0000000008002128
                0x00000000200004d8                . = ALIGN (0x8)
 *fill*         0x00000000200004d4        0x4 
                [!provide]                        PROVIDE (end = .)
                0x00000000200004d8                PROVIDE (_end = .)
                0x00000000200006d8                . = (. + _Min_Heap_Size)
 *fill*         0x00000000200004d8      0x200 
                0x0000000020000ad8                . = (. + _Min_Stack_Size)
 *fill*         0x00000000200006d8      0x400 
                0x0000000020000ad8                . = ALIGN (0x8)

/DISCARD/
 libc.a(*)
 libm.a(*)
 libgcc.a(*)

.ARM.attributes
                0x0000000000000000       0x29
 *(.ARM.attributes)
 .ARM.attributes
                0x0000000000000000       0x1d d:/ide/stm32cubeide_1.8.0/stm32cubeide/plugins/com.st.stm32cube.ide.mcu.externaltools.gnu-tools-for-stm32.9-2020-q2-update.win32_2.0.0.202105311346/tools/bin/../lib/gcc/arm-none-eabi/9.3.1/thumb/v7-m/nofp/crti.o
 .ARM.attributes
                0x000000000000001d       0x2d d:/ide/stm32cubeide_1.8.0/stm32cubeide/plugins/com.st.stm32cube.ide.mcu.externaltools.gnu-tools-for-stm32.9-2020-q2-update.win32_2.0.0.202105311346/tools/bin/../lib/gcc/arm-none-eabi/9.3.1/thumb/v7-m/nofp/crtbegin.o
 .ARM.attributes
                0x000000000000004a       0x2d ./Core/Src/main.o
 .ARM.attributes
                0x0000000000000077       0x2d ./Core/Src/ssd1306.o
 .ARM.attributes
                0x00000000000000a4       0x2d ./Core/Src/stm32f1xx_hal_msp.o
 .ARM.attributes
                0x00000000000000d1       0x2d ./Core/Src/stm32f1xx_it.o
 .ARM.attributes
                0x00000000000000fe       0x2d ./Core/Src/system_stm32f1xx.o
 .ARM.attributes
                0x000000000000012b       0x21 ./Core/Startup/startup_stm32f103c6tx.o
 .ARM.attributes
                0x000000000000014c       0x2d ./Drivers/STM32F1xx_HAL_Driver/Src/stm32f1xx_hal.o
 .ARM.attributes
                0x0000000000000179       0x2d ./Drivers/STM32F1xx_HAL_Driver/Src/stm32f1xx_hal_cortex.o
 .ARM.attributes
                0x00000000000001a6       0x2d ./Drivers/STM32F1xx_HAL_Driver/Src/stm32f1xx_hal_gpio.o
 .ARM.attributes
                0x00000000000001d3       0x2d ./Drivers/STM32F1xx_HAL_Driver/Src/stm32f1xx_hal_rcc.o
 .ARM.attributes
                0x0000000000000200       0x2d ./Drivers/STM32F1xx_HAL_Driver/Src/stm32f1xx_hal_spi.o
 .ARM.attributes
                0x000000000000022d       0x2d ./Drivers/STM32F1xx_HAL_Driver/Src/stm32f1xx_hal_uart.o
 .ARM.attributes
                0x000000000000025a       0x2d d:/ide/stm32cubeide_1.8.0/stm32cubeide/plugins/com.st.stm32cube.ide.mcu.externaltools.gnu-tools-for-stm32.9-2020-q2-update.win32_2.0.0.202105311346/tools/bin/../lib/gcc/arm-none-eabi/9.3.1/../../../../arm-none-eabi/lib/thumb/v7-m/nofp\libc_nano.a(lib_a-init.o)
 .ARM.attributes
                0x0000000000000287       0x2d d:/ide/stm32cubeide_1.8.0/stm32cubeide/plugins/com.st.stm32cube.ide.mcu.externaltools.gnu-tools-for-stm32.9-2020-q2-update.win32_2.0.0.202105311346/tools/bin/../lib/gcc/arm-none-eabi/9.3.1/../../../../arm-none-eabi/lib/thumb/v7-m/nofp\libc_nano.a(lib_a-memset.o)
 .ARM.attributes
                0x00000000000002b4       0x1d d:/ide/stm32cubeide_1.8.0/stm32cubeide/plugins/com.st.stm32cube.ide.mcu.externaltools.gnu-tools-for-stm32.9-2020-q2-update.win32_2.0.0.202105311346/tools/bin/../lib/gcc/arm-none-eabi/9.3.1/thumb/v7-m/nofp/crtn.o
OUTPUT(BadAppleSPI.elf elf32-littlearm)
LOAD linker stubs
LOAD d:/ide/stm32cubeide_1.8.0/stm32cubeide/plugins/com.st.stm32cube.ide.mcu.externaltools.gnu-tools-for-stm32.9-2020-q2-update.win32_2.0.0.202105311346/tools/bin/../lib/gcc/arm-none-eabi/9.3.1/../../../../arm-none-eabi/lib/thumb/v7-m/nofp\libc.a
LOAD d:/ide/stm32cubeide_1.8.0/stm32cubeide/plugins/com.st.stm32cube.ide.mcu.externaltools.gnu-tools-for-stm32.9-2020-q2-update.win32_2.0.0.202105311346/tools/bin/../lib/gcc/arm-none-eabi/9.3.1/../../../../arm-none-eabi/lib/thumb/v7-m/nofp\libm.a
LOAD d:/ide/stm32cubeide_1.8.0/stm32cubeide/plugins/com.st.stm32cube.ide.mcu.externaltools.gnu-tools-for-stm32.9-2020-q2-update.win32_2.0.0.202105311346/tools/bin/../lib/gcc/arm-none-eabi/9.3.1/thumb/v7-m/nofp\libgcc.a

.debug_info     0x0000000000000000     0xaeff
 .debug_info    0x0000000000000000     0x168e ./Core/Src/main.o
 .debug_info    0x000000000000168e     0x1c12 ./Core/Src/ssd1306.o
 .debug_info    0x00000000000032a0      0xc0c ./Core/Src/stm32f1xx_hal_msp.o
 .debug_info    0x0000000000003eac      0x222 ./Core/Src/stm32f1xx_it.o
 .debug_info    0x00000000000040ce      0x2be ./Core/Src/system_stm32f1xx.o
 .debug_info    0x000000000000438c       0x22 ./Core/Startup/startup_stm32f103c6tx.o
 .debug_info    0x00000000000043ae      0x74c ./Drivers/STM32F1xx_HAL_Driver/Src/stm32f1xx_hal.o
 .debug_info    0x0000000000004afa      0xbbe ./Drivers/STM32F1xx_HAL_Driver/Src/stm32f1xx_hal_cortex.o
 .debug_info    0x00000000000056b8      0x701 ./Drivers/STM32F1xx_HAL_Driver/Src/stm32f1xx_hal_gpio.o
 .debug_info    0x0000000000005db9      0x893 ./Drivers/STM32F1xx_HAL_Driver/Src/stm32f1xx_hal_rcc.o
 .debug_info    0x000000000000664c     0x16c4 ./Drivers/STM32F1xx_HAL_Driver/Src/stm32f1xx_hal_spi.o
 .debug_info    0x0000000000007d10     0x31ef ./Drivers/STM32F1xx_HAL_Driver/Src/stm32f1xx_hal_uart.o

.debug_abbrev   0x0000000000000000     0x190a
 .debug_abbrev  0x0000000000000000      0x2d3 ./Core/Src/main.o
 .debug_abbrev  0x00000000000002d3      0x3a5 ./Core/Src/ssd1306.o
 .debug_abbrev  0x0000000000000678      0x1ac ./Core/Src/stm32f1xx_hal_msp.o
 .debug_abbrev  0x0000000000000824       0xd2 ./Core/Src/stm32f1xx_it.o
 .debug_abbrev  0x00000000000008f6      0x14e ./Core/Src/system_stm32f1xx.o
 .debug_abbrev  0x0000000000000a44       0x12 ./Core/Startup/startup_stm32f103c6tx.o
 .debug_abbrev  0x0000000000000a56      0x1ed ./Drivers/STM32F1xx_HAL_Driver/Src/stm32f1xx_hal.o
 .debug_abbrev  0x0000000000000c43      0x313 ./Drivers/STM32F1xx_HAL_Driver/Src/stm32f1xx_hal_cortex.o
 .debug_abbrev  0x0000000000000f56      0x1e8 ./Drivers/STM32F1xx_HAL_Driver/Src/stm32f1xx_hal_gpio.o
 .debug_abbrev  0x000000000000113e      0x273 ./Drivers/STM32F1xx_HAL_Driver/Src/stm32f1xx_hal_rcc.o
 .debug_abbrev  0x00000000000013b1      0x26e ./Drivers/STM32F1xx_HAL_Driver/Src/stm32f1xx_hal_spi.o
 .debug_abbrev  0x000000000000161f      0x2eb ./Drivers/STM32F1xx_HAL_Driver/Src/stm32f1xx_hal_uart.o

.debug_aranges  0x0000000000000000      0x8d0
 .debug_aranges
                0x0000000000000000       0x58 ./Core/Src/main.o
 .debug_aranges
                0x0000000000000058       0xe8 ./Core/Src/ssd1306.o
 .debug_aranges
                0x0000000000000140       0x40 ./Core/Src/stm32f1xx_hal_msp.o
 .debug_aranges
                0x0000000000000180       0x60 ./Core/Src/stm32f1xx_it.o
 .debug_aranges
                0x00000000000001e0       0x28 ./Core/Src/system_stm32f1xx.o
 .debug_aranges
                0x0000000000000208       0x28 ./Core/Startup/startup_stm32f103c6tx.o
 .debug_aranges
                0x0000000000000230       0xe0 ./Drivers/STM32F1xx_HAL_Driver/Src/stm32f1xx_hal.o
 .debug_aranges
                0x0000000000000310      0x100 ./Drivers/STM32F1xx_HAL_Driver/Src/stm32f1xx_hal_cortex.o
 .debug_aranges
                0x0000000000000410       0x58 ./Drivers/STM32F1xx_HAL_Driver/Src/stm32f1xx_hal_gpio.o
 .debug_aranges
                0x0000000000000468       0x90 ./Drivers/STM32F1xx_HAL_Driver/Src/stm32f1xx_hal_rcc.o
 .debug_aranges
                0x00000000000004f8      0x1d0 ./Drivers/STM32F1xx_HAL_Driver/Src/stm32f1xx_hal_spi.o
 .debug_aranges
                0x00000000000006c8      0x208 ./Drivers/STM32F1xx_HAL_Driver/Src/stm32f1xx_hal_uart.o

.debug_ranges   0x0000000000000000      0x848
 .debug_ranges  0x0000000000000000       0x48 ./Core/Src/main.o
 .debug_ranges  0x0000000000000048       0xd8 ./Core/Src/ssd1306.o
 .debug_ranges  0x0000000000000120       0x30 ./Core/Src/stm32f1xx_hal_msp.o
 .debug_ranges  0x0000000000000150       0x50 ./Core/Src/stm32f1xx_it.o
 .debug_ranges  0x00000000000001a0       0x18 ./Core/Src/system_stm32f1xx.o
 .debug_ranges  0x00000000000001b8       0x20 ./Core/Startup/startup_stm32f103c6tx.o
 .debug_ranges  0x00000000000001d8       0xd0 ./Drivers/STM32F1xx_HAL_Driver/Src/stm32f1xx_hal.o
 .debug_ranges  0x00000000000002a8       0xf0 ./Drivers/STM32F1xx_HAL_Driver/Src/stm32f1xx_hal_cortex.o
 .debug_ranges  0x0000000000000398       0x48 ./Drivers/STM32F1xx_HAL_Driver/Src/stm32f1xx_hal_gpio.o
 .debug_ranges  0x00000000000003e0       0x80 ./Drivers/STM32F1xx_HAL_Driver/Src/stm32f1xx_hal_rcc.o
 .debug_ranges  0x0000000000000460      0x1c0 ./Drivers/STM32F1xx_HAL_Driver/Src/stm32f1xx_hal_spi.o
 .debug_ranges  0x0000000000000620      0x228 ./Drivers/STM32F1xx_HAL_Driver/Src/stm32f1xx_hal_uart.o

.debug_macro    0x0000000000000000    0x16fd0
 .debug_macro   0x0000000000000000      0x368 ./Core/Src/main.o
 .debug_macro   0x0000000000000368      0xa9c ./Core/Src/main.o
 .debug_macro   0x0000000000000e04      0x21b ./Core/Src/main.o
 .debug_macro   0x000000000000101f       0x2e ./Core/Src/main.o
 .debug_macro   0x000000000000104d       0x22 ./Core/Src/main.o
 .debug_macro   0x000000000000106f       0x22 ./Core/Src/main.o
 .debug_macro   0x0000000000001091       0x8e ./Core/Src/main.o
 .debug_macro   0x000000000000111f       0x51 ./Core/Src/main.o
 .debug_macro   0x0000000000001170      0x103 ./Core/Src/main.o
 .debug_macro   0x0000000000001273       0x6a ./Core/Src/main.o
 .debug_macro   0x00000000000012dd      0x1df ./Core/Src/main.o
 .debug_macro   0x00000000000014bc       0x1c ./Core/Src/main.o
 .debug_macro   0x00000000000014d8       0x22 ./Core/Src/main.o
 .debug_macro   0x00000000000014fa       0xc3 ./Core/Src/main.o
 .debug_macro   0x00000000000015bd      0xd23 ./Core/Src/main.o
 .debug_macro   0x00000000000022e0     0xde75 ./Core/Src/main.o
 .debug_macro   0x0000000000010155       0x6d ./Core/Src/main.o
 .debug_macro   0x00000000000101c2     0x348d ./Core/Src/main.o
 .debug_macro   0x000000000001364f      0x174 ./Core/Src/main.o
 .debug_macro   0x00000000000137c3       0x5c ./Core/Src/main.o
 .debug_macro   0x000000000001381f      0x5bc ./Core/Src/main.o
 .debug_macro   0x0000000000013ddb      0x1b7 ./Core/Src/main.o
 .debug_macro   0x0000000000013f92      0x1cb ./Core/Src/main.o
 .debug_macro   0x000000000001415d      0x114 ./Core/Src/main.o
 .debug_macro   0x0000000000014271      0x1b2 ./Core/Src/main.o
 .debug_macro   0x0000000000014423       0x27 ./Core/Src/main.o
 .debug_macro   0x000000000001444a      0x12f ./Core/Src/main.o
 .debug_macro   0x0000000000014579      0x1bc ./Core/Src/main.o
 .debug_macro   0x0000000000014735       0x34 ./Core/Src/main.o
 .debug_macro   0x0000000000014769       0x3c ./Core/Src/main.o
 .debug_macro   0x00000000000147a5       0x57 ./Core/Src/main.o
 .debug_macro   0x00000000000147fc       0x87 ./Core/Src/main.o
 .debug_macro   0x0000000000014883      0x183 ./Core/Src/main.o
 .debug_macro   0x0000000000014a06      0x140 ./Core/Src/main.o
 .debug_macro   0x0000000000014b46      0x217 ./Core/Src/main.o
 .debug_macro   0x0000000000014d5d      0x28e ./Core/Src/main.o
 .debug_macro   0x0000000000014feb       0x69 ./Core/Src/main.o
 .debug_macro   0x0000000000015054       0x28 ./Core/Src/main.o
 .debug_macro   0x000000000001507c       0x52 ./Core/Src/main.o
 .debug_macro   0x00000000000150ce       0x18 ./Core/Src/main.o
 .debug_macro   0x00000000000150e6       0x3c ./Core/Src/main.o
 .debug_macro   0x0000000000015122       0x34 ./Core/Src/main.o
 .debug_macro   0x0000000000015156       0x40 ./Core/Src/main.o
 .debug_macro   0x0000000000015196       0x52 ./Core/Src/main.o
 .debug_macro   0x00000000000151e8       0x16 ./Core/Src/main.o
 .debug_macro   0x00000000000151fe       0x35 ./Core/Src/main.o
 .debug_macro   0x0000000000015233      0x333 ./Core/Src/main.o
 .debug_macro   0x0000000000015566       0x10 ./Core/Src/main.o
 .debug_macro   0x0000000000015576       0x16 ./Core/Src/main.o
 .debug_macro   0x000000000001558c       0x43 ./Core/Src/main.o
 .debug_macro   0x00000000000155cf       0x34 ./Core/Src/main.o
 .debug_macro   0x0000000000015603       0x10 ./Core/Src/main.o
 .debug_macro   0x0000000000015613       0x58 ./Core/Src/main.o
 .debug_macro   0x000000000001566b       0x71 ./Core/Src/main.o
 .debug_macro   0x00000000000156dc       0x1c ./Core/Src/main.o
 .debug_macro   0x00000000000156f8      0x12a ./Core/Src/main.o
 .debug_macro   0x0000000000015822       0x10 ./Core/Src/main.o
 .debug_macro   0x0000000000015832       0x1c ./Core/Src/main.o
 .debug_macro   0x000000000001584e       0x52 ./Core/Src/main.o
 .debug_macro   0x00000000000158a0       0x22 ./Core/Src/main.o
 .debug_macro   0x00000000000158c2       0x10 ./Core/Src/main.o
 .debug_macro   0x00000000000158d2       0x40 ./Core/Src/main.o
 .debug_macro   0x0000000000015912       0xd5 ./Core/Src/main.o
 .debug_macro   0x00000000000159e7       0x1c ./Core/Src/main.o
 .debug_macro   0x0000000000015a03       0x3d ./Core/Src/main.o
 .debug_macro   0x0000000000015a40       0x16 ./Core/Src/main.o
 .debug_macro   0x0000000000015a56      0x145 ./Core/Src/main.o
 .debug_macro   0x0000000000015b9b       0x16 ./Core/Src/main.o
 .debug_macro   0x0000000000015bb1       0x20 ./Core/Src/main.o
 .debug_macro   0x0000000000015bd1      0x2c1 ./Core/Src/ssd1306.o
 .debug_macro   0x0000000000015e92       0x28 ./Core/Src/ssd1306.o
 .debug_macro   0x0000000000015eba      0x1a9 ./Core/Src/ssd1306.o
 .debug_macro   0x0000000000016063       0x16 ./Core/Src/ssd1306.o
 .debug_macro   0x0000000000016079       0x16 ./Core/Src/ssd1306.o
 .debug_macro   0x000000000001608f       0x29 ./Core/Src/ssd1306.o
 .debug_macro   0x00000000000160b8      0x1a5 ./Core/Src/stm32f1xx_hal_msp.o
 .debug_macro   0x000000000001625d      0x1af ./Core/Src/stm32f1xx_it.o
 .debug_macro   0x000000000001640c      0x196 ./Core/Src/system_stm32f1xx.o
 .debug_macro   0x00000000000165a2      0x1ba ./Drivers/STM32F1xx_HAL_Driver/Src/stm32f1xx_hal.o
 .debug_macro   0x000000000001675c      0x196 ./Drivers/STM32F1xx_HAL_Driver/Src/stm32f1xx_hal_cortex.o
 .debug_macro   0x00000000000168f2      0x201 ./Drivers/STM32F1xx_HAL_Driver/Src/stm32f1xx_hal_gpio.o
 .debug_macro   0x0000000000016af3      0x1a8 ./Drivers/STM32F1xx_HAL_Driver/Src/stm32f1xx_hal_rcc.o
 .debug_macro   0x0000000000016c9b      0x19e ./Drivers/STM32F1xx_HAL_Driver/Src/stm32f1xx_hal_spi.o
 .debug_macro   0x0000000000016e39      0x197 ./Drivers/STM32F1xx_HAL_Driver/Src/stm32f1xx_hal_uart.o

.debug_line     0x0000000000000000     0x9eef
 .debug_line    0x0000000000000000      0xa25 ./Core/Src/main.o
 .debug_line    0x0000000000000a25     0x109e ./Core/Src/ssd1306.o
 .debug_line    0x0000000000001ac3      0x703 ./Core/Src/stm32f1xx_hal_msp.o
 .debug_line    0x00000000000021c6      0x729 ./Core/Src/stm32f1xx_it.o
 .debug_line    0x00000000000028ef      0x6e5 ./Core/Src/system_stm32f1xx.o
 .debug_line    0x0000000000002fd4       0x86 ./Core/Startup/startup_stm32f103c6tx.o
 .debug_line    0x000000000000305a      0x912 ./Drivers/STM32F1xx_HAL_Driver/Src/stm32f1xx_hal.o
 .debug_line    0x000000000000396c      0xafa ./Drivers/STM32F1xx_HAL_Driver/Src/stm32f1xx_hal_cortex.o
 .debug_line    0x0000000000004466      0x995 ./Drivers/STM32F1xx_HAL_Driver/Src/stm32f1xx_hal_gpio.o
 .debug_line    0x0000000000004dfb      0xd1e ./Drivers/STM32F1xx_HAL_Driver/Src/stm32f1xx_hal_rcc.o
 .debug_line    0x0000000000005b19     0x1b93 ./Drivers/STM32F1xx_HAL_Driver/Src/stm32f1xx_hal_spi.o
 .debug_line    0x00000000000076ac     0x2843 ./Drivers/STM32F1xx_HAL_Driver/Src/stm32f1xx_hal_uart.o

.debug_str      0x0000000000000000    0x829b1
 .debug_str     0x0000000000000000    0x801bc ./Core/Src/main.o
                                      0x80638 (size before relaxing)
 .debug_str     0x00000000000801bc      0xcd4 ./Core/Src/ssd1306.o
                                      0x7ff65 (size before relaxing)
 .debug_str     0x0000000000080e90       0xab ./Core/Src/stm32f1xx_hal_msp.o
                                      0x7c0a6 (size before relaxing)
 .debug_str     0x0000000000080f3b       0xbd ./Core/Src/stm32f1xx_it.o
                                      0x7bac3 (size before relaxing)
 .debug_str     0x0000000000080ff8       0x52 ./Core/Src/system_stm32f1xx.o
                                      0x7ba22 (size before relaxing)
 .debug_str     0x000000000008104a       0x73 ./Core/Startup/startup_stm32f103c6tx.o
 .debug_str     0x00000000000810bd      0x524 ./Drivers/STM32F1xx_HAL_Driver/Src/stm32f1xx_hal.o
                                      0x7c079 (size before relaxing)
 .debug_str     0x00000000000815e1      0x300 ./Drivers/STM32F1xx_HAL_Driver/Src/stm32f1xx_hal_cortex.o
                                      0x7c081 (size before relaxing)
 .debug_str     0x00000000000818e1      0x324 ./Drivers/STM32F1xx_HAL_Driver/Src/stm32f1xx_hal_gpio.o
                                      0x7bde6 (size before relaxing)
 .debug_str     0x0000000000081c05      0x24f ./Drivers/STM32F1xx_HAL_Driver/Src/stm32f1xx_hal_rcc.o
                                      0x7be1f (size before relaxing)
 .debug_str     0x0000000000081e54      0x548 ./Drivers/STM32F1xx_HAL_Driver/Src/stm32f1xx_hal_spi.o
                                      0x7c32e (size before relaxing)
 .debug_str     0x000000000008239c      0x615 ./Drivers/STM32F1xx_HAL_Driver/Src/stm32f1xx_hal_uart.o
                                      0x7c477 (size before relaxing)

.comment        0x0000000000000000       0x53
 .comment       0x0000000000000000       0x53 ./Core/Src/main.o
                                         0x54 (size before relaxing)
 .comment       0x0000000000000053       0x54 ./Core/Src/ssd1306.o
 .comment       0x0000000000000053       0x54 ./Core/Src/stm32f1xx_hal_msp.o
 .comment       0x0000000000000053       0x54 ./Core/Src/stm32f1xx_it.o
 .comment       0x0000000000000053       0x54 ./Core/Src/system_stm32f1xx.o
 .comment       0x0000000000000053       0x54 ./Drivers/STM32F1xx_HAL_Driver/Src/stm32f1xx_hal.o
 .comment       0x0000000000000053       0x54 ./Drivers/STM32F1xx_HAL_Driver/Src/stm32f1xx_hal_cortex.o
 .comment       0x0000000000000053       0x54 ./Drivers/STM32F1xx_HAL_Driver/Src/stm32f1xx_hal_gpio.o
 .comment       0x0000000000000053       0x54 ./Drivers/STM32F1xx_HAL_Driver/Src/stm32f1xx_hal_rcc.o
 .comment       0x0000000000000053       0x54 ./Drivers/STM32F1xx_HAL_Driver/Src/stm32f1xx_hal_spi.o
 .comment       0x0000000000000053       0x54 ./Drivers/STM32F1xx_HAL_Driver/Src/stm32f1xx_hal_uart.o

.debug_frame    0x0000000000000000     0x2384
 .debug_frame   0x0000000000000000      0x110 ./Core/Src/main.o
 .debug_frame   0x0000000000000110      0x3dc ./Core/Src/ssd1306.o
 .debug_frame   0x00000000000004ec       0xc8 ./Core/Src/stm32f1xx_hal_msp.o
 .debug_frame   0x00000000000005b4      0x104 ./Core/Src/stm32f1xx_it.o
 .debug_frame   0x00000000000006b8       0x58 ./Core/Src/system_stm32f1xx.o
 .debug_frame   0x0000000000000710      0x334 ./Drivers/STM32F1xx_HAL_Driver/Src/stm32f1xx_hal.o
 .debug_frame   0x0000000000000a44      0x428 ./Drivers/STM32F1xx_HAL_Driver/Src/stm32f1xx_hal_cortex.o
 .debug_frame   0x0000000000000e6c      0x14c ./Drivers/STM32F1xx_HAL_Driver/Src/stm32f1xx_hal_gpio.o
 .debug_frame   0x0000000000000fb8      0x218 ./Drivers/STM32F1xx_HAL_Driver/Src/stm32f1xx_hal_rcc.o
 .debug_frame   0x00000000000011d0      0x824 ./Drivers/STM32F1xx_HAL_Driver/Src/stm32f1xx_hal_spi.o
 .debug_frame   0x00000000000019f4      0x944 ./Drivers/STM32F1xx_HAL_Driver/Src/stm32f1xx_hal_uart.o
 .debug_frame   0x0000000000002338       0x2c d:/ide/stm32cubeide_1.8.0/stm32cubeide/plugins/com.st.stm32cube.ide.mcu.externaltools.gnu-tools-for-stm32.9-2020-q2-update.win32_2.0.0.202105311346/tools/bin/../lib/gcc/arm-none-eabi/9.3.1/../../../../arm-none-eabi/lib/thumb/v7-m/nofp\libc_nano.a(lib_a-init.o)
 .debug_frame   0x0000000000002364       0x20 d:/ide/stm32cubeide_1.8.0/stm32cubeide/plugins/com.st.stm32cube.ide.mcu.externaltools.gnu-tools-for-stm32.9-2020-q2-update.win32_2.0.0.202105311346/tools/bin/../lib/gcc/arm-none-eabi/9.3.1/../../../../arm-none-eabi/lib/thumb/v7-m/nofp\libc_nano.a(lib_a-memset.o)
